# serializer version: 1
# name: test_setup_autoencoder
  '''
  LitSparseAutoencoder(
    (sparse_autoencoder): SparseAutoencoder(
      (pre_encoder_bias): TiedBias(position=pre_encoder)
      (encoder): LinearEncoder(
        input_features=512, learnt_features=2048, n_components=1
        (activation_function): ReLU()
      )
      (decoder): UnitNormDecoder(learnt_features=2048, decoded_features=512, n_components=1)
      (post_decoder_bias): TiedBias(position=post_decoder)
    )
    (loss_fn): SparseAutoencoderLoss()
    (train_metrics): MetricCollection(
      (activity): ClasswiseWrapperWithMean(
        (metric): NeuronActivityMetric()
      )
      (l0): ClasswiseWrapperWithMean(
        (metric): L0NormMetric()
      )
      (l1): ClasswiseWrapperWithMean(
        (metric): L1AbsoluteLoss()
      )
      (l2): ClasswiseWrapperWithMean(
        (metric): L2ReconstructionLoss()
      )
      (loss): ClasswiseWrapperWithMean(
        (metric): SparseAutoencoderLoss()
      )
    )
    (activation_resampler): ActivationResampler()
  )
  '''
# ---
